// Jest Snapshot v1, https://goo.gl/fbAQLP

exports[`should match snapshot with data 1`] = `
<li
  class="MuiListItem-root MuiListItem-gutters css-seb0jc-MuiListItem-root"
>
  <div
    class="MuiListItemButton-root MuiListItemButton-gutters MuiButtonBase-root css-cvhtoe-MuiButtonBase-root-MuiListItemButton-root"
    role="button"
    tabindex="0"
  >
    <div
      class="MuiListItemText-root css-tlelie-MuiListItemText-root"
    >
      <span
        class="MuiTypography-root MuiTypography-body1 MuiListItemText-primary css-10hburv-MuiTypography-root"
      >
        Repo 1
      </span>
    </div>
    <span
      class="MuiTouchRipple-root css-8je8zh-MuiTouchRipple-root"
    />
  </div>
  <div
    class="MuiListItemSecondaryAction-root css-518kzi-MuiListItemSecondaryAction-root"
  >
    <button
      class="MuiButtonBase-root MuiIconButton-root MuiIconButton-sizeMedium css-78trlr-MuiButtonBase-root-MuiIconButton-root"
      tabindex="0"
      type="button"
    >
      <svg
        aria-hidden="true"
        class="MuiSvgIcon-root MuiSvgIcon-colorPrimary MuiSvgIcon-fontSizeMedium css-ci5apu-MuiSvgIcon-root"
        data-testid="EditIcon"
        focusable="false"
        viewBox="0 0 24 24"
      >
        <path
          d="M3 17.25V21h3.75L17.81 9.94l-3.75-3.75L3 17.25zM20.71 7.04c.39-.39.39-1.02 0-1.41l-2.34-2.34a.9959.9959 0 0 0-1.41 0l-1.83 1.83 3.75 3.75 1.83-1.83z"
        />
      </svg>
    </button>
  </div>
</li>
`;
